<?xml version="1.0" encoding="UTF-8"?>
<testsuites name="jest tests" tests="2" failures="0" errors="0" time="0.567">
  <testsuite name="undefined" errors="0" failures="0" skipped="0" timestamp="2025-12-26T11:57:52" time="0.376" tests="1">
    <testcase classname=" suma 1+1" name=" suma 1+1" time="0.004">
    </testcase>
  </testsuite>
  <testsuite name="undefined" errors="0" failures="0" skipped="0" timestamp="2025-12-26T11:57:53" time="0.053" tests="1">
    <testcase classname=" test1" name=" test1" time="0.001">
    </testcase>
  </testsuite>
</testsuites>